// Vitest Snapshot v1, https://vitest.dev/guide/snapshot.html

exports[`markdown > parses the welcome document 1`] = `
{
  "content": [
    {
      "attrs": {
        "level": 1,
      },
      "content": [
        {
          "text": "Welcome to Blank",
          "type": "text",
        },
      ],
      "type": "heading",
    },
    {
      "content": [
        {
          "text": "We're very happy that you opened up Blank the first time! Blank is minimalist, opinionated WYSIWYG-editor with markdown-support made for writing. We focus on simplicity with a heart for virtual typesetting.",
          "type": "text",
        },
      ],
      "type": "paragraph",
    },
    {
      "content": [
        {
          "content": [
            {
              "marks": [
                {
                  "type": "em",
                },
              ],
              "text": ""If content is king, typography is it's queen."",
              "type": "text",
            },
            {
              "text": " — ",
              "type": "text",
            },
            {
              "marks": [
                {
                  "type": "strong",
                },
              ],
              "text": "Someone",
              "type": "text",
            },
            {
              "text": ", who reads",
              "type": "text",
            },
          ],
          "type": "paragraph",
        },
      ],
      "type": "blockquote",
    },
    {
      "attrs": {
        "level": 2,
      },
      "content": [
        {
          "text": "Why Blank works differently",
          "type": "text",
        },
      ],
      "type": "heading",
    },
    {
      "content": [
        {
          "text": "Blank might work a little different than what you are used to in other editors. It is purely keyboard-based. That means there are no buttons to change the paragraph style or mark a text bold. Instead, there are a few, but very intuitive keyboard-shortcuts to do everything you want.",
          "type": "text",
        },
      ],
      "type": "paragraph",
    },
    {
      "content": [
        {
          "text": "Blank and it's keyboard shortcuts have quite some advantages over a mouse-driven editor:",
          "type": "text",
        },
      ],
      "type": "paragraph",
    },
    {
      "attrs": {
        "tight": true,
      },
      "content": [
        {
          "content": [
            {
              "content": [
                {
                  "text": "your hands stay on the keyboard while writing",
                  "type": "text",
                },
              ],
              "type": "paragraph",
            },
          ],
          "type": "list_item",
        },
        {
          "content": [
            {
              "content": [
                {
                  "text": "that way you can stay sharp on your idea, while the editor takes care of the layout",
                  "type": "text",
                },
              ],
              "type": "paragraph",
            },
          ],
          "type": "list_item",
        },
        {
          "content": [
            {
              "content": [
                {
                  "text": "and makes you much faster during your creative process",
                  "type": "text",
                },
              ],
              "type": "paragraph",
            },
          ],
          "type": "list_item",
        },
      ],
      "type": "bullet_list",
    },
    {
      "content": [
        {
          "text": "You can find a full list of keyboard shortcuts here: https://fpurchess.github.io/blank/guide/shortcuts",
          "type": "text",
        },
      ],
      "type": "paragraph",
    },
    {
      "attrs": {
        "level": 2,
      },
      "content": [
        {
          "text": "What's good to know",
          "type": "text",
        },
      ],
      "type": "heading",
    },
    {
      "attrs": {
        "level": 3,
      },
      "content": [
        {
          "text": "Blank remembers your content",
          "type": "text",
        },
      ],
      "type": "heading",
    },
    {
      "content": [
        {
          "text": "You might be in a hurry closing Blank without saving your changes. That's no problem. Blank remembers what you wrote and restores the last content upon the next start. This way, you can just open & close Blank without worrying about losing anything.",
          "type": "text",
        },
      ],
      "type": "paragraph",
    },
    {
      "attrs": {
        "level": 3,
      },
      "content": [
        {
          "text": "Unobtrusive Autocompletion",
          "type": "text",
        },
      ],
      "type": "heading",
    },
    {
      "content": [
        {
          "text": "Blank comes with a hand-picked list of very unobtrusive autocompletion patterns that support your content-creation process.",
          "type": "text",
        },
      ],
      "type": "paragraph",
    },
    {
      "content": [
        {
          "text": "Type ",
          "type": "text",
        },
        {
          "marks": [
            {
              "type": "code",
            },
          ],
          "text": "##",
          "type": "text",
        },
        {
          "text": " at the beginning of a line followed by a space to create a heading level 2. Type a dash ",
          "type": "text",
        },
        {
          "marks": [
            {
              "type": "code",
            },
          ],
          "text": "-",
          "type": "text",
        },
        {
          "text": " at the beginning of a line followed by a space to create a bullet list. Type ",
          "type": "text",
        },
        {
          "marks": [
            {
              "type": "code",
            },
          ],
          "text": "-->",
          "type": "text",
        },
        {
          "text": " followed by a space to create a right-arrow ",
          "type": "text",
        },
        {
          "marks": [
            {
              "type": "code",
            },
          ],
          "text": "→",
          "type": "text",
        },
        {
          "text": ". There are some more combinations waiting for you to be explored.",
          "type": "text",
        },
      ],
      "type": "paragraph",
    },
    {
      "attrs": {
        "level": 3,
      },
      "content": [
        {
          "text": "Spell check when you want it",
          "type": "text",
        },
      ],
      "type": "heading",
    },
    {
      "content": [
        {
          "text": "Press ",
          "type": "text",
        },
        {
          "marks": [
            {
              "type": "code",
            },
          ],
          "text": "Mod",
          "type": "text",
        },
        {
          "text": " ",
          "type": "text",
        },
        {
          "marks": [
            {
              "type": "code",
            },
          ],
          "text": "Alt",
          "type": "text",
        },
        {
          "text": " ",
          "type": "text",
        },
        {
          "marks": [
            {
              "type": "code",
            },
          ],
          "text": "S",
          "type": "text",
        },
        {
          "text": " to underline the words Blank doesn't know. Right-click one, or press ",
          "type": "text",
        },
        {
          "marks": [
            {
              "type": "code",
            },
          ],
          "text": "Mod",
          "type": "text",
        },
        {
          "text": " ",
          "type": "text",
        },
        {
          "marks": [
            {
              "type": "code",
            },
          ],
          "text": "Alt",
          "type": "text",
        },
        {
          "text": " ",
          "type": "text",
        },
        {
          "marks": [
            {
              "type": "code",
            },
          ],
          "text": "N",
          "type": "text",
        },
        {
          "text": " to jump to it, and pick what you meant, or add the word to your dictionary. Press ",
          "type": "text",
        },
        {
          "marks": [
            {
              "type": "code",
            },
          ],
          "text": "Mod",
          "type": "text",
        },
        {
          "text": " ",
          "type": "text",
        },
        {
          "marks": [
            {
              "type": "code",
            },
          ],
          "text": "Alt",
          "type": "text",
        },
        {
          "text": " ",
          "type": "text",
        },
        {
          "marks": [
            {
              "type": "code",
            },
          ],
          "text": "S",
          "type": "text",
        },
        {
          "text": " again for a clean page.",
          "type": "text",
        },
      ],
      "type": "paragraph",
    },
  ],
  "type": "doc",
}
`;

exports[`markdown > serializes the welcome document 1`] = `
"# Welcome to Blank

We're very happy that you opened up Blank the first time! Blank is minimalist, opinionated WYSIWYG-editor with markdown-support made for writing. We focus on simplicity with a heart for virtual typesetting.

> *"If content is king, typography is it's queen."* — **Someone**, who reads

## Why Blank works differently

Blank might work a little different than what you are used to in other editors. It is purely keyboard-based. That means there are no buttons to change the paragraph style or mark a text bold. Instead, there are a few, but very intuitive keyboard-shortcuts to do everything you want.

Blank and it's keyboard shortcuts have quite some advantages over a mouse-driven editor:

* your hands stay on the keyboard while writing
* that way you can stay sharp on your idea, while the editor takes care of the layout
* and makes you much faster during your creative process

You can find a full list of keyboard shortcuts here: https://fpurchess.github.io/blank/guide/shortcuts

## What's good to know

### Blank remembers your content

You might be in a hurry closing Blank without saving your changes. That's no problem. Blank remembers what you wrote and restores the last content upon the next start. This way, you can just open & close Blank without worrying about losing anything.

### Unobtrusive Autocompletion

Blank comes with a hand-picked list of very unobtrusive autocompletion patterns that support your content-creation process.

Type \`##\` at the beginning of a line followed by a space to create a heading level 2. Type a dash \`-\` at the beginning of a line followed by a space to create a bullet list. Type \`-->\` followed by a space to create a right-arrow \`→\`. There are some more combinations waiting for you to be explored.

### Spell check when you want it

Press \`Mod\` \`Alt\` \`S\` to underline the words Blank doesn't know. Right-click one, or press \`Mod\` \`Alt\` \`N\` to jump to it, and pick what you meant, or add the word to your dictionary. Press \`Mod\` \`Alt\` \`S\` again for a clean page."
`;
