// Vitest Snapshot v1, https://vitest.dev/guide/snapshot.html

exports[`markdown > parses the welcome document 1`] = `
{
  "attrs": {
    "definitions": {},
    "frontmatter": null,
    "rawDefinitions": [],
  },
  "content": [
    {
      "attrs": {
        "align": null,
        "level": 1,
      },
      "content": [
        {
          "text": "Welcome to Blank",
          "type": "text",
        },
      ],
      "type": "heading",
    },
    {
      "attrs": {
        "align": null,
      },
      "content": [
        {
          "text": "We're very happy that you opened up Blank the first time! Blank is minimalist, opinionated WYSIWYG-editor with markdown-support made for writing. We focus on simplicity with a heart for virtual typesetting.",
          "type": "text",
        },
      ],
      "type": "paragraph",
    },
    {
      "content": [
        {
          "attrs": {
            "align": null,
          },
          "content": [
            {
              "marks": [
                {
                  "type": "em",
                },
              ],
              "text": ""If content is king, typography is it's queen."",
              "type": "text",
            },
            {
              "text": " — ",
              "type": "text",
            },
            {
              "marks": [
                {
                  "type": "strong",
                },
              ],
              "text": "Someone",
              "type": "text",
            },
            {
              "text": ", who reads",
              "type": "text",
            },
          ],
          "type": "paragraph",
        },
      ],
      "type": "blockquote",
    },
    {
      "attrs": {
        "align": null,
        "level": 2,
      },
      "content": [
        {
          "text": "Why Blank works differently",
          "type": "text",
        },
      ],
      "type": "heading",
    },
    {
      "attrs": {
        "align": null,
      },
      "content": [
        {
          "text": "Blank might work a little different than what you are used to in other editors. It is keyboard-first. The toolbar at the top is there when you'd rather point and click, but a few, very intuitive keyboard-shortcuts do everything you want without leaving the keys.",
          "type": "text",
        },
      ],
      "type": "paragraph",
    },
    {
      "attrs": {
        "align": null,
      },
      "content": [
        {
          "text": "Blank and it's keyboard shortcuts have quite some advantages over a mouse-driven editor:",
          "type": "text",
        },
      ],
      "type": "paragraph",
    },
    {
      "attrs": {
        "tight": true,
      },
      "content": [
        {
          "content": [
            {
              "attrs": {
                "align": null,
              },
              "content": [
                {
                  "text": "your hands stay on the keyboard while writing",
                  "type": "text",
                },
              ],
              "type": "paragraph",
            },
          ],
          "type": "list_item",
        },
        {
          "content": [
            {
              "attrs": {
                "align": null,
              },
              "content": [
                {
                  "text": "that way you can stay sharp on your idea, while the editor takes care of the layout",
                  "type": "text",
                },
              ],
              "type": "paragraph",
            },
          ],
          "type": "list_item",
        },
        {
          "content": [
            {
              "attrs": {
                "align": null,
              },
              "content": [
                {
                  "text": "and makes you much faster during your creative process",
                  "type": "text",
                },
              ],
              "type": "paragraph",
            },
          ],
          "type": "list_item",
        },
      ],
      "type": "bullet_list",
    },
    {
      "attrs": {
        "align": null,
      },
      "content": [
        {
          "text": "You can find a full list of keyboard shortcuts here: https://blank-writer.xyz/guide/shortcuts",
          "type": "text",
        },
      ],
      "type": "paragraph",
    },
    {
      "attrs": {
        "align": null,
        "level": 2,
      },
      "content": [
        {
          "text": "What's good to know",
          "type": "text",
        },
      ],
      "type": "heading",
    },
    {
      "attrs": {
        "align": null,
        "level": 3,
      },
      "content": [
        {
          "text": "Blank remembers your content",
          "type": "text",
        },
      ],
      "type": "heading",
    },
    {
      "attrs": {
        "align": null,
      },
      "content": [
        {
          "text": "You might be in a hurry closing Blank without saving your changes. That's no problem. Blank remembers what you wrote and restores every open tab upon the next start. This way, you can just open & close Blank without worrying about losing anything.",
          "type": "text",
        },
      ],
      "type": "paragraph",
    },
    {
      "attrs": {
        "level": 3,
      },
      "content": [
        {
          "text": "Several documents in tabs",
          "type": "text",
        },
      ],
      "type": "heading",
    },
    {
      "content": [
        {
          "marks": [
            {
              "type": "code",
            },
          ],
          "text": "Mod",
          "type": "text",
        },
        {
          "text": " ",
          "type": "text",
        },
        {
          "marks": [
            {
              "type": "code",
            },
          ],
          "text": "N",
          "type": "text",
        },
        {
          "text": " opens a new document in a tab of its own, and every file you open gets one too. ",
          "type": "text",
        },
        {
          "marks": [
            {
              "type": "code",
            },
          ],
          "text": "Ctrl",
          "type": "text",
        },
        {
          "text": " ",
          "type": "text",
        },
        {
          "marks": [
            {
              "type": "code",
            },
          ],
          "text": "Tab",
          "type": "text",
        },
        {
          "text": " goes to the next tab, ",
          "type": "text",
        },
        {
          "marks": [
            {
              "type": "code",
            },
          ],
          "text": "Mod",
          "type": "text",
        },
        {
          "text": " ",
          "type": "text",
        },
        {
          "marks": [
            {
              "type": "code",
            },
          ],
          "text": "W",
          "type": "text",
        },
        {
          "text": " closes one, and a dot on a tab means it has changes you haven't saved.",
          "type": "text",
        },
      ],
      "type": "paragraph",
    },
    {
      "attrs": {
        "align": null,
        "level": 3,
      },
      "content": [
        {
          "text": "Unobtrusive Autocompletion",
          "type": "text",
        },
      ],
      "type": "heading",
    },
    {
      "attrs": {
        "align": null,
      },
      "content": [
        {
          "text": "Blank comes with a hand-picked list of very unobtrusive autocompletion patterns that support your content-creation process.",
          "type": "text",
        },
      ],
      "type": "paragraph",
    },
    {
      "attrs": {
        "align": null,
      },
      "content": [
        {
          "text": "Type ",
          "type": "text",
        },
        {
          "marks": [
            {
              "type": "code",
            },
          ],
          "text": "##",
          "type": "text",
        },
        {
          "text": " at the beginning of a line followed by a space to create a heading level 2. Type a dash ",
          "type": "text",
        },
        {
          "marks": [
            {
              "type": "code",
            },
          ],
          "text": "-",
          "type": "text",
        },
        {
          "text": " at the beginning of a line followed by a space to create a bullet list. Type ",
          "type": "text",
        },
        {
          "marks": [
            {
              "type": "code",
            },
          ],
          "text": "-->",
          "type": "text",
        },
        {
          "text": " followed by a space to create a right-arrow ",
          "type": "text",
        },
        {
          "marks": [
            {
              "type": "code",
            },
          ],
          "text": "→",
          "type": "text",
        },
        {
          "text": ". There are some more combinations waiting for you to be explored.",
          "type": "text",
        },
      ],
      "type": "paragraph",
    },
    {
      "attrs": {
        "align": null,
        "level": 3,
      },
      "content": [
        {
          "text": "Tables that stay out of your way",
          "type": "text",
        },
      ],
      "type": "heading",
    },
    {
      "attrs": {
        "align": null,
      },
      "content": [
        {
          "text": "Press ",
          "type": "text",
        },
        {
          "marks": [
            {
              "type": "code",
            },
          ],
          "text": "Mod",
          "type": "text",
        },
        {
          "text": " ",
          "type": "text",
        },
        {
          "marks": [
            {
              "type": "code",
            },
          ],
          "text": "T",
          "type": "text",
        },
        {
          "text": " and Enter for a table, or type the column titles between pipes, like ",
          "type": "text",
        },
        {
          "marks": [
            {
              "type": "code",
            },
          ],
          "text": "| Name | Qty |",
          "type": "text",
        },
        {
          "text": ", and press Enter. ",
          "type": "text",
        },
        {
          "marks": [
            {
              "type": "code",
            },
          ],
          "text": "Tab",
          "type": "text",
        },
        {
          "text": " takes you to the next cell and adds a row at the end.",
          "type": "text",
        },
      ],
      "type": "paragraph",
    },
    {
      "attrs": {
        "caption": null,
      },
      "content": [
        {
          "content": [
            {
              "attrs": {
                "align": null,
                "colspan": 1,
                "colwidth": null,
                "rowspan": 1,
              },
              "content": [
                {
                  "attrs": {
                    "align": null,
                  },
                  "content": [
                    {
                      "text": "Press",
                      "type": "text",
                    },
                  ],
                  "type": "paragraph",
                },
              ],
              "type": "table_header",
            },
            {
              "attrs": {
                "align": null,
                "colspan": 1,
                "colwidth": null,
                "rowspan": 1,
              },
              "content": [
                {
                  "attrs": {
                    "align": null,
                  },
                  "content": [
                    {
                      "text": "To",
                      "type": "text",
                    },
                  ],
                  "type": "paragraph",
                },
              ],
              "type": "table_header",
            },
          ],
          "type": "table_row",
        },
        {
          "content": [
            {
              "attrs": {
                "align": null,
                "colspan": 1,
                "colwidth": null,
                "rowspan": 1,
              },
              "content": [
                {
                  "attrs": {
                    "align": null,
                  },
                  "content": [
                    {
                      "marks": [
                        {
                          "type": "code",
                        },
                      ],
                      "text": "Mod",
                      "type": "text",
                    },
                    {
                      "text": " ",
                      "type": "text",
                    },
                    {
                      "marks": [
                        {
                          "type": "code",
                        },
                      ],
                      "text": "T",
                      "type": "text",
                    },
                  ],
                  "type": "paragraph",
                },
              ],
              "type": "table_cell",
            },
            {
              "attrs": {
                "align": null,
                "colspan": 1,
                "colwidth": null,
                "rowspan": 1,
              },
              "content": [
                {
                  "attrs": {
                    "align": null,
                  },
                  "content": [
                    {
                      "text": "insert a table",
                      "type": "text",
                    },
                  ],
                  "type": "paragraph",
                },
              ],
              "type": "table_cell",
            },
          ],
          "type": "table_row",
        },
        {
          "content": [
            {
              "attrs": {
                "align": null,
                "colspan": 1,
                "colwidth": null,
                "rowspan": 1,
              },
              "content": [
                {
                  "attrs": {
                    "align": null,
                  },
                  "content": [
                    {
                      "marks": [
                        {
                          "type": "code",
                        },
                      ],
                      "text": "Tab",
                      "type": "text",
                    },
                  ],
                  "type": "paragraph",
                },
              ],
              "type": "table_cell",
            },
            {
              "attrs": {
                "align": null,
                "colspan": 1,
                "colwidth": null,
                "rowspan": 1,
              },
              "content": [
                {
                  "attrs": {
                    "align": null,
                  },
                  "content": [
                    {
                      "text": "go to the next cell or add a row",
                      "type": "text",
                    },
                  ],
                  "type": "paragraph",
                },
              ],
              "type": "table_cell",
            },
          ],
          "type": "table_row",
        },
        {
          "content": [
            {
              "attrs": {
                "align": null,
                "colspan": 1,
                "colwidth": null,
                "rowspan": 1,
              },
              "content": [
                {
                  "attrs": {
                    "align": null,
                  },
                  "content": [
                    {
                      "text": "Arrow keys",
                      "type": "text",
                    },
                  ],
                  "type": "paragraph",
                },
              ],
              "type": "table_cell",
            },
            {
              "attrs": {
                "align": null,
                "colspan": 1,
                "colwidth": null,
                "rowspan": 1,
              },
              "content": [
                {
                  "attrs": {
                    "align": null,
                  },
                  "content": [
                    {
                      "text": "move around and out of the table",
                      "type": "text",
                    },
                  ],
                  "type": "paragraph",
                },
              ],
              "type": "table_cell",
            },
          ],
          "type": "table_row",
        },
      ],
      "type": "table",
    },
    {
      "attrs": {
        "align": null,
        "level": 3,
      },
      "content": [
        {
          "text": "Spell check when you want it",
          "type": "text",
        },
      ],
      "type": "heading",
    },
    {
      "attrs": {
        "align": null,
      },
      "content": [
        {
          "text": "Press ",
          "type": "text",
        },
        {
          "marks": [
            {
              "type": "code",
            },
          ],
          "text": "Mod",
          "type": "text",
        },
        {
          "text": " ",
          "type": "text",
        },
        {
          "marks": [
            {
              "type": "code",
            },
          ],
          "text": "Alt",
          "type": "text",
        },
        {
          "text": " ",
          "type": "text",
        },
        {
          "marks": [
            {
              "type": "code",
            },
          ],
          "text": "S",
          "type": "text",
        },
        {
          "text": " to underline the words Blank doesn't know. Right-click one, or press ",
          "type": "text",
        },
        {
          "marks": [
            {
              "type": "code",
            },
          ],
          "text": "Mod",
          "type": "text",
        },
        {
          "text": " ",
          "type": "text",
        },
        {
          "marks": [
            {
              "type": "code",
            },
          ],
          "text": "Alt",
          "type": "text",
        },
        {
          "text": " ",
          "type": "text",
        },
        {
          "marks": [
            {
              "type": "code",
            },
          ],
          "text": "N",
          "type": "text",
        },
        {
          "text": " to jump to it, and pick what you meant, or add the word to your dictionary. Press ",
          "type": "text",
        },
        {
          "marks": [
            {
              "type": "code",
            },
          ],
          "text": "Mod",
          "type": "text",
        },
        {
          "text": " ",
          "type": "text",
        },
        {
          "marks": [
            {
              "type": "code",
            },
          ],
          "text": "Alt",
          "type": "text",
        },
        {
          "text": " ",
          "type": "text",
        },
        {
          "marks": [
            {
              "type": "code",
            },
          ],
          "text": "S",
          "type": "text",
        },
        {
          "text": " again for a clean page.",
          "type": "text",
        },
      ],
      "type": "paragraph",
    },
  ],
  "type": "doc",
}
`;

exports[`markdown > serializes the welcome document 1`] = `
"# Welcome to Blank

We're very happy that you opened up Blank the first time! Blank is minimalist, opinionated WYSIWYG-editor with markdown-support made for writing. We focus on simplicity with a heart for virtual typesetting.

> *"If content is king, typography is it's queen."* — **Someone**, who reads

## Why Blank works differently

Blank might work a little different than what you are used to in other editors. It is keyboard-first. The toolbar at the top is there when you'd rather point and click, but a few, very intuitive keyboard-shortcuts do everything you want without leaving the keys.

Blank and it's keyboard shortcuts have quite some advantages over a mouse-driven editor:

* your hands stay on the keyboard while writing
* that way you can stay sharp on your idea, while the editor takes care of the layout
* and makes you much faster during your creative process

You can find a full list of keyboard shortcuts here: https://blank-writer.xyz/guide/shortcuts

## What's good to know

### Blank remembers your content

You might be in a hurry closing Blank without saving your changes. That's no problem. Blank remembers what you wrote and restores every open tab upon the next start. This way, you can just open & close Blank without worrying about losing anything.

### Several documents in tabs

\`Mod\` \`N\` opens a new document in a tab of its own, and every file you open gets one too. \`Ctrl\` \`Tab\` goes to the next tab, \`Mod\` \`W\` closes one, and a dot on a tab means it has changes you haven't saved.

### Unobtrusive Autocompletion

Blank comes with a hand-picked list of very unobtrusive autocompletion patterns that support your content-creation process.

Type \`##\` at the beginning of a line followed by a space to create a heading level 2. Type a dash \`-\` at the beginning of a line followed by a space to create a bullet list. Type \`-->\` followed by a space to create a right-arrow \`→\`. There are some more combinations waiting for you to be explored.

### Tables that stay out of your way

Press \`Mod\` \`T\` and Enter for a table, or type the column titles between pipes, like \`| Name | Qty |\`, and press Enter. \`Tab\` takes you to the next cell and adds a row at the end.

| Press      | To                               |
| ---------- | -------------------------------- |
| \`Mod\` \`T\`  | insert a table                   |
| \`Tab\`      | go to the next cell or add a row |
| Arrow keys | move around and out of the table |

### Spell check when you want it

Press \`Mod\` \`Alt\` \`S\` to underline the words Blank doesn't know. Right-click one, or press \`Mod\` \`Alt\` \`N\` to jump to it, and pick what you meant, or add the word to your dictionary. Press \`Mod\` \`Alt\` \`S\` again for a clean page."
`;
